Logging installed Python packages and their versions...
absl-py==1.4.0
addict==2.4.0
aiohttp==3.8.4
aiosignal==1.3.1
annotated-types==0.6.0
anyio==3.6.2
appnope==0.1.3
argon2-cffi==21.3.0
argon2-cffi-bindings==21.2.0
asttokens==2.0.8
astunparse==1.6.3
async-timeout==4.0.2
attrs==22.1.0
backcall==0.2.0
beautifulsoup4==4.11.1
bleach==5.0.1
blis==0.7.11
cachetools==5.3.0
catalogue==2.0.10
certifi==2022.12.7
cffi==1.15.1
charset-normalizer==2.1.1
ci-info==0.3.0
click==8.1.3
cloudpathlib==0.16.0
cloudpickle==2.2.0
coloredlogs==15.0.1
confection==0.1.4
ConfigArgParse==1.5.3
configobj==5.0.8
configparser==5.3.0
contourpy==1.0.6
cycler==0.11.0
cymem==2.0.8
Cython==0.29.32
cyvcf2==0.30.18
dash==2.10.2
dash-core-components==2.0.0
dash-html-components==2.0.0
dash-table==5.0.0
dask==2022.11.1
datasets==2.4.0
debugpy==1.6.3
decorator==4.4.2
defusedxml==0.7.1
dill==0.3.5.1
entrypoints==0.4
etelemetry==0.3.0
exceptiongroup==1.1.1
executing==1.1.1
fastjsonschema==2.16.2
filelock==3.9.0
fitz==0.0.1.dev2
Flask==2.2.5
flatbuffers==23.5.9
fonttools==4.38.0
frozenlist==1.3.3
fsspec==2022.11.0
future==0.18.3
fuzzywuzzy==0.18.0
gast==0.4.0
glmnet-py==0.1.0b2
google-api-core==2.12.0
google-auth==2.18.0
google-auth-oauthlib==1.0.0
google-cloud-vision==3.4.5
google-pasta==0.2.0
googleapis-common-protos==1.61.0
grpcio==1.59.2
grpcio-status==1.59.2
h5py==3.8.0
hmmlearn==0.3.0
httplib2==0.21.0
huggingface-hub==0.14.1
humanfriendly==10.0
idna==3.4
imageio==2.31.5
imageio-ffmpeg==0.4.9
iniconfig==2.0.0
ipykernel==6.16.2
ipython==8.5.0
ipython-genutils==0.2.0
isodate==0.6.1
itsdangerous==2.1.2
jedi==0.18.1
Jinja2==3.1.2
joblib==1.2.0
jsonschema==4.16.0
jupyter-server==1.21.0
jupyter_client==7.4.4
jupyter_core==4.11.2
jupyterlab-pygments==0.2.2
keras==2.13.1rc0
kiwisolver==1.4.4
langcodes==3.3.0
libclang==16.0.0
locket==1.0.0
looseversion==1.0.3
lxml==4.9.2
Markdown==3.4.3
MarkupSafe==2.1.1
matplotlib==3.6.2
matplotlib-inline==0.1.6
mistune==2.0.4
moviepy==1.0.3
mplcursors==0.5.2
mpmath==1.3.0
multidict==6.0.4
multiprocess==0.70.13
murmurhash==1.0.10
nbclassic==0.4.5
nbclient==0.7.0
nbconvert==7.2.3
nbformat==5.7.0
nest-asyncio==1.5.6
networkx==3.0
nibabel==5.0.0
nipype==1.8.5
notebook==6.5.1
notebook_shim==0.2.0
numpy==1.23.4
oauthlib==3.2.2
open3d==0.17.0
opencv-python==4.8.1.78
opt-einsum==3.3.0
packaging==21.3
pandas==1.5.2
pandocfilters==1.5.0
parso==0.8.3
partd==1.3.0
pathlib==1.0.1
patsy==0.5.3
pexpect==4.8.0
pickleshare==0.7.5
Pillow==9.5.0
plotly==5.14.1
pluggy==1.0.0
preshed==3.0.9
proglog==0.1.10
prometheus-client==0.15.0
prompt-toolkit==3.0.31
proto-plus==1.22.3
protobuf==4.23.0
prov==2.0.0
psutil==5.9.3
ptyprocess==0.7.0
pure-eval==0.2.2
pyarrow==12.0.0
pyasn1==0.5.0
pyasn1-modules==0.3.0
pycparser==2.21
pydantic==2.6.0
pydantic_core==2.16.1
pydot==1.4.2
Pygments==2.13.0
PyMuPDF==1.21.1
pyparsing==3.0.9
PyPDF2==3.0.1
pyquaternion==0.9.9
pyrsistent==0.18.1
pytest==7.2.2
python-dateutil==2.8.2
pytz==2022.6
pytz-deprecation-shim==0.1.0.post0
pyxnat==1.5
PyYAML==6.0.1
pyzmq==24.0.1
rdflib==6.2.0
regex==2023.5.5
requests==2.28.1
requests-oauthlib==1.3.1
responses==0.18.0
rpy2==3.1.0
rsa==4.9
scikit-allel==1.3.3
scikit-learn==1.1.3
scipy==1.9.3
seaborn==0.12.1
Send2Trash==1.8.0
simplegeneric==0.8.1
simplejson==3.18.3
six==1.16.0
sklearn==0.0
smart-open==6.4.0
sniffio==1.3.0
soupsieve==2.3.2.post1
spacy==3.7.2
spacy-legacy==3.0.12
spacy-loggers==1.0.5
srsly==2.4.8
stack-data==0.5.1
statsmodels==0.13.5
sympy==1.12
tenacity==8.2.2
tensorboard==2.13.0
tensorboard-data-server==0.7.0
tensorflow-estimator==2.13.0rc0
tensorflow-macos==2.13.0rc0
termcolor==2.3.0
terminado==0.17.0
thinc==8.2.2
thinc-apple-ops==0.1.4
threadpoolctl==3.1.0
tinycss2==1.2.1
tokenizers==0.12.1
tomli==2.0.1
toolz==0.12.0
torch==2.0.1
torchaudio==0.13.1
torchvision==0.15.2
tornado==6.2
tqdm==4.64.1
traitlets==5.5.0
traits==6.3.2
transformers==4.22.1
typer==0.9.0
typing_extensions==4.9.0
tzdata==2023.3
tzlocal==4.3
Unidecode==1.3.6
urllib3==1.26.13
wasabi==1.1.2
wcwidth==0.2.5
weasel==0.3.4
webencodings==0.5.1
websocket-client==1.4.1
Werkzeug==2.2.3
wrapt==1.14.1
xxhash==3.2.0
yarl==1.9.2
PIL
cProfile
difflib
file
fitz
fitz.utils
from
functools
fuzzywuzzy
io
math
matplotlib.pyplot
numpy
os
pandas
re
seaborn
time
tqdm
